^Boogie program verifier finished with 8 verified, 2 errors$