Verifying Arithmetic::__verifier_main: OK
No errors found.
