Verifying Arrays::readStateArr: OK
Verifying Arrays::writeStateArr: OK
Verifying Arrays::readParamArr: OK
Verifying Arrays::callWithLocalArray: OK
Verifying Arrays::callWithStateArray: OK
No errors found.
