Boogie program verifier finished with 2 verified, 1 error