Verifying Assignments::__verifier_main: OK
No errors found.
