Verifying BitPreciseArith::__verifier_main: OK
No errors found.
