^Boogie program verifier finished with 1 verified, 1 error$