Verifying BitPreciseCast::__verifier_main: OK
Verifying BitPreciseCast::[implicit_constructor]: OK
No errors found.
