Verifying BitPreciseExt::__verifier_main: OK
No errors found.
