Verifying Casts::__verifier_main: OK
Verifying Casts::[implicit_constructor]: OK
No errors found.
