Verifying A::someFunc: OK
Verifying B::callOtherFunc: OK
Verifying B::accessOtherMember: OK
No errors found.
