Verifying Constr::[constructor]: OK
Verifying Constr::doSomething: OK
No errors found.
