Verifying SomeContract::someFunc: OK
Verifying OtherContract::otherFunc: OK
Verifying Conversions::someFunc: OK
No errors found.
