Verifying SomeContract::someFunc: OK
No errors found.
