Verifying FunctionCall::addSome: OK
Verifying FunctionCall::f: OK
Verifying FunctionCall::g: OK
Verifying FunctionCall::h: OK
Verifying FunctionCall::sequentialCall: OK
Verifying FunctionCall::compositeCall: OK
No errors found.
