Verifying IfElse::__verifier_main: OK
No errors found.
