Verifying Base::f: OK
Verifying Base::g: OK
Verifying Inheritance::f: OK
Verifying Inheritance::h: OK
No errors found.
