Verifying Initializers::[constructor]: OK
Verifying Initializers::getA: OK
Verifying NoConstructorButNeeded::[default_constructor]: OK
No errors found.
