Verifying Library::__verifier_main: OK
No errors found.
