Verifying LocalVars::doSomething: OK
No errors found.
