Verifying Loops::__verifier_main: OK
No errors found.
