Verifying Mappings::getMyBalance: OK
Verifying Mappings::setMyBalance: OK
Verifying Nested::getSomething: OK
Verifying Nested::setSomething: OK
No errors found.
