Verifying ModArith::__verifier_main: OK
Verifying ModArith::[implicit_constructor]: OK
No errors found.
