Verifying A::someFunc: OK
Verifying A::someFunc2: OK
Verifying A::twoModifiers: OK
Verifying A::costs: OK
Verifying A::[implicit_constructor]: OK
No errors found.
