Verifying ModTccs::f: OK
Verifying ModTccs::g: OK
Verifying ModTccs::h: OK
No errors found.
