Verifying Overflow::[constructor]: OK
Verifying Overflow::receive: OK
No errors found.
