^Boogie program verifier finished with 5 verified, 5 errors$