^Boogie program verifier finished with 4 verified, 1 error$