^Boogie program verifier finished with 2 verified, 3 errors$