^Boogie program verifier finished with 6 verified, 3 errors$