Verifying StringLiterals::[default_constructor]: OK
No errors found.
